
 /----------------------------------------------------------------------------\
 |  yosys -- Yosys Open SYnthesis Suite                                       |
 |  Copyright (C) 2012 - 2025  Claire Xenia Wolf <claire@yosyshq.com>         |
 |  Distributed under an ISC-like license, type "license" to see terms        |
 \----------------------------------------------------------------------------/
 Yosys 0.59+44 (git sha1 abc78f042, g++ 13.3.0-6ubuntu2~24.04 -fPIC -O3)

-- Running command `			read_verilog p12_seg/vsrc/p_encode8_3.v p12_seg/vsrc/seg.v p12_seg/vsrc/top.v; 			hierarchy -check -top top; 			synth; 			opt -full; 			write_verilog -noattr p12_seg/yosys_obj/top_synthesized.v' --

1. Executing Verilog-2005 frontend: p12_seg/vsrc/p_encode8_3.v
Parsing Verilog input from `p12_seg/vsrc/p_encode8_3.v' to AST representation.
verilog frontend filename p12_seg/vsrc/p_encode8_3.v
Generating RTLIL representation for module `\p_encode8_3'.
Successfully finished Verilog frontend.

2. Executing Verilog-2005 frontend: p12_seg/vsrc/seg.v
Parsing Verilog input from `p12_seg/vsrc/seg.v' to AST representation.
verilog frontend filename p12_seg/vsrc/seg.v
Generating RTLIL representation for module `\seg'.
Successfully finished Verilog frontend.

3. Executing Verilog-2005 frontend: p12_seg/vsrc/top.v
Parsing Verilog input from `p12_seg/vsrc/top.v' to AST representation.
verilog frontend filename p12_seg/vsrc/top.v
Generating RTLIL representation for module `\top'.
Successfully finished Verilog frontend.

4. Executing HIERARCHY pass (managing design hierarchy).

4.1. Analyzing design hierarchy..
Top module:  \top
Used module:     \seg
Used module:     \p_encode8_3

4.2. Analyzing design hierarchy..
Top module:  \top
Used module:     \seg
Used module:     \p_encode8_3
Removed 0 unused modules.

5. Executing SYNTH pass.

5.1. Executing HIERARCHY pass (managing design hierarchy).
Attribute `top' found on module `top'. Setting top module to top.

5.1.1. Analyzing design hierarchy..
Top module:  \top
Used module:     \seg
Used module:     \p_encode8_3

5.1.2. Analyzing design hierarchy..
Top module:  \top
Used module:     \seg
Used module:     \p_encode8_3
Removed 0 unused modules.

5.2. Executing PROC pass (convert processes to netlists).

5.2.1. Executing PROC_CLEAN pass (remove empty switches from decision trees).
Cleaned up 0 empty switches.

5.2.2. Executing PROC_RMDEAD pass (remove dead branches from decision trees).
Removed 1 dead cases from process $proc$p12_seg/vsrc/seg.v:5$10 in module seg.
Marked 1 switch rules as full_case in process $proc$p12_seg/vsrc/seg.v:5$10 in module seg.
Marked 9 switch rules as full_case in process $proc$p12_seg/vsrc/p_encode8_3.v:5$1 in module p_encode8_3.
Removed a total of 1 dead cases.

5.2.3. Executing PROC_PRUNE pass (remove redundant assignments in processes).
Removed 0 redundant assignments.
Promoted 2 assignments to connections.

5.2.4. Executing PROC_INIT pass (extract init attributes).

5.2.5. Executing PROC_ARST pass (detect async resets in processes).

5.2.6. Executing PROC_ROM pass (convert switches to ROMs).
Converted 1 switch.
<suppressed ~9 debug messages>

5.2.7. Executing PROC_MUX pass (convert decision trees to multiplexers).
Creating decoders for process `\seg.$proc$p12_seg/vsrc/seg.v:5$10'.
     1/1: $1\seg_out[7:0]
Creating decoders for process `\p_encode8_3.$proc$p12_seg/vsrc/p_encode8_3.v:5$1'.
     1/9: $9\ledr_out[2:0]
     2/9: $8\ledr_out[2:0]
     3/9: $7\ledr_out[2:0]
     4/9: $6\ledr_out[2:0]
     5/9: $5\ledr_out[2:0]
     6/9: $4\ledr_out[2:0]
     7/9: $3\ledr_out[2:0]
     8/9: $2\ledr_out[2:0]
     9/9: $1\ledr_out[2:0]

5.2.8. Executing PROC_DLATCH pass (convert process syncs to latches).
No latch inferred for signal `\seg.\seg_out' from process `\seg.$proc$p12_seg/vsrc/seg.v:5$10'.
No latch inferred for signal `\p_encode8_3.\ledr_out' from process `\p_encode8_3.$proc$p12_seg/vsrc/p_encode8_3.v:5$1'.

5.2.9. Executing PROC_DFF pass (convert process syncs to FFs).

5.2.10. Executing PROC_MEMWR pass (convert process memory writes to cells).

5.2.11. Executing PROC_CLEAN pass (remove empty switches from decision trees).
Found and cleaned up 1 empty switch in `\seg.$proc$p12_seg/vsrc/seg.v:5$10'.
Removing empty process `seg.$proc$p12_seg/vsrc/seg.v:5$10'.
Found and cleaned up 9 empty switches in `\p_encode8_3.$proc$p12_seg/vsrc/p_encode8_3.v:5$1'.
Removing empty process `p_encode8_3.$proc$p12_seg/vsrc/p_encode8_3.v:5$1'.
Cleaned up 10 empty switches.

5.2.12. Executing OPT_EXPR pass (perform const folding).
Optimizing module top.
Optimizing module seg.
Optimizing module p_encode8_3.
<suppressed ~8 debug messages>

5.3. Executing OPT_EXPR pass (perform const folding).
Optimizing module top.
Optimizing module seg.
Optimizing module p_encode8_3.

5.4. Executing OPT_CLEAN pass (remove unused cells and wires).
Finding unused cells or wires in module \top..
Finding unused cells or wires in module \seg..
Finding unused cells or wires in module \p_encode8_3..
Removed 0 unused cells and 66 unused wires.
<suppressed ~2 debug messages>

5.5. Executing CHECK pass (checking for obvious problems).
Checking module p_encode8_3...
Checking module seg...
Checking module top...
Found and reported 0 problems.

5.6. Executing OPT pass (performing simple optimizations).

5.6.1. Executing OPT_EXPR pass (perform const folding).
Optimizing module p_encode8_3.
Optimizing module seg.
Optimizing module top.

5.6.2. Executing OPT_MERGE pass (detect identical cells).
Finding identical cells in module `\p_encode8_3'.
Finding identical cells in module `\seg'.
Finding identical cells in module `\top'.
Removed a total of 0 cells.

5.6.3. Executing OPT_MUXTREE pass (detect dead branches in mux trees).
Running muxtree optimizer on module \p_encode8_3..
  Creating internal representation of mux trees.
  Evaluating internal representation of mux trees.
  Analyzing evaluation results.
    dead port 1/2 on $mux $procmux$101.
    dead port 2/2 on $mux $procmux$103.
    dead port 1/2 on $mux $procmux$110.
    dead port 1/2 on $mux $procmux$113.
    dead port 1/2 on $mux $procmux$116.
    dead port 2/2 on $mux $procmux$118.
    dead port 1/2 on $mux $procmux$125.
    dead port 1/2 on $mux $procmux$128.
    dead port 2/2 on $mux $procmux$130.
    dead port 1/2 on $mux $procmux$137.
    dead port 2/2 on $mux $procmux$139.
    dead port 2/2 on $mux $procmux$145.
    dead port 1/2 on $mux $procmux$20.
    dead port 1/2 on $mux $procmux$23.
    dead port 1/2 on $mux $procmux$26.
    dead port 1/2 on $mux $procmux$29.
    dead port 1/2 on $mux $procmux$32.
    dead port 1/2 on $mux $procmux$35.
    dead port 1/2 on $mux $procmux$38.
    dead port 2/2 on $mux $procmux$40.
    dead port 1/2 on $mux $procmux$47.
    dead port 1/2 on $mux $procmux$50.
    dead port 1/2 on $mux $procmux$53.
    dead port 1/2 on $mux $procmux$56.
    dead port 1/2 on $mux $procmux$59.
    dead port 1/2 on $mux $procmux$62.
    dead port 2/2 on $mux $procmux$64.
    dead port 1/2 on $mux $procmux$71.
    dead port 1/2 on $mux $procmux$74.
    dead port 1/2 on $mux $procmux$77.
    dead port 1/2 on $mux $procmux$80.
    dead port 1/2 on $mux $procmux$83.
    dead port 2/2 on $mux $procmux$85.
    dead port 1/2 on $mux $procmux$92.
    dead port 1/2 on $mux $procmux$95.
    dead port 1/2 on $mux $procmux$98.
Running muxtree optimizer on module \seg..
  Creating internal representation of mux trees.
  No muxes found in this module.
Running muxtree optimizer on module \top..
  Creating internal representation of mux trees.
  No muxes found in this module.
Removed 36 multiplexer ports.
<suppressed ~45 debug messages>

5.6.4. Executing OPT_REDUCE pass (consolidate $*mux and $reduce_* inputs).
  Optimizing cells in module \p_encode8_3.
  Optimizing cells in module \seg.
  Optimizing cells in module \top.
Performed a total of 0 changes.

5.6.5. Executing OPT_MERGE pass (detect identical cells).
Finding identical cells in module `\p_encode8_3'.
Finding identical cells in module `\seg'.
Finding identical cells in module `\top'.
Removed a total of 0 cells.

5.6.6. Executing OPT_DFF pass (perform DFF optimizations).

5.6.7. Executing OPT_CLEAN pass (remove unused cells and wires).
Finding unused cells or wires in module \p_encode8_3..
Finding unused cells or wires in module \seg..
Finding unused cells or wires in module \top..
Removed 0 unused cells and 36 unused wires.
<suppressed ~1 debug messages>

5.6.8. Executing OPT_EXPR pass (perform const folding).
Optimizing module p_encode8_3.
Optimizing module seg.
Optimizing module top.

5.6.9. Rerunning OPT passes. (Maybe there is more to do..)

5.6.10. Executing OPT_MUXTREE pass (detect dead branches in mux trees).
Running muxtree optimizer on module \p_encode8_3..
  Creating internal representation of mux trees.
  Evaluating internal representation of mux trees.
  Analyzing evaluation results.
Running muxtree optimizer on module \seg..
  Creating internal representation of mux trees.
  No muxes found in this module.
Running muxtree optimizer on module \top..
  Creating internal representation of mux trees.
  No muxes found in this module.
Removed 0 multiplexer ports.
<suppressed ~9 debug messages>

5.6.11. Executing OPT_REDUCE pass (consolidate $*mux and $reduce_* inputs).
  Optimizing cells in module \p_encode8_3.
  Optimizing cells in module \seg.
  Optimizing cells in module \top.
Performed a total of 0 changes.

5.6.12. Executing OPT_MERGE pass (detect identical cells).
Finding identical cells in module `\p_encode8_3'.
Finding identical cells in module `\seg'.
Finding identical cells in module `\top'.
Removed a total of 0 cells.

5.6.13. Executing OPT_DFF pass (perform DFF optimizations).

5.6.14. Executing OPT_CLEAN pass (remove unused cells and wires).
Finding unused cells or wires in module \p_encode8_3..
Finding unused cells or wires in module \seg..
Finding unused cells or wires in module \top..

5.6.15. Executing OPT_EXPR pass (perform const folding).
Optimizing module p_encode8_3.
Optimizing module seg.
Optimizing module top.

5.6.16. Finished fast OPT passes. (There is nothing left to do.)

5.7. Executing FSM pass (extract and optimize FSM).

5.7.1. Executing FSM_DETECT pass (finding FSMs in design).

5.7.2. Executing FSM_EXTRACT pass (extracting FSM from design).

5.7.3. Executing FSM_OPT pass (simple optimizations of FSMs).

5.7.4. Executing OPT_CLEAN pass (remove unused cells and wires).
Finding unused cells or wires in module \p_encode8_3..
Finding unused cells or wires in module \seg..
Finding unused cells or wires in module \top..

5.7.5. Executing FSM_OPT pass (simple optimizations of FSMs).

5.7.6. Executing FSM_RECODE pass (re-assigning FSM state encoding).

5.7.7. Executing FSM_INFO pass (dumping all available information on FSM cells).

5.7.8. Executing FSM_MAP pass (mapping FSMs to basic logic).

5.8. Executing OPT pass (performing simple optimizations).

5.8.1. Executing OPT_EXPR pass (perform const folding).
Optimizing module p_encode8_3.
Optimizing module seg.
Optimizing module top.

5.8.2. Executing OPT_MERGE pass (detect identical cells).
Finding identical cells in module `\p_encode8_3'.
Finding identical cells in module `\seg'.
Finding identical cells in module `\top'.
Removed a total of 0 cells.

5.8.3. Executing OPT_MUXTREE pass (detect dead branches in mux trees).
Running muxtree optimizer on module \p_encode8_3..
  Creating internal representation of mux trees.
  Evaluating internal representation of mux trees.
  Analyzing evaluation results.
Running muxtree optimizer on module \seg..
  Creating internal representation of mux trees.
  No muxes found in this module.
Running muxtree optimizer on module \top..
  Creating internal representation of mux trees.
  No muxes found in this module.
Removed 0 multiplexer ports.
<suppressed ~9 debug messages>

5.8.4. Executing OPT_REDUCE pass (consolidate $*mux and $reduce_* inputs).
  Optimizing cells in module \p_encode8_3.
  Optimizing cells in module \seg.
  Optimizing cells in module \top.
Performed a total of 0 changes.

5.8.5. Executing OPT_MERGE pass (detect identical cells).
Finding identical cells in module `\p_encode8_3'.
Finding identical cells in module `\seg'.
Finding identical cells in module `\top'.
Removed a total of 0 cells.

5.8.6. Executing OPT_DFF pass (perform DFF optimizations).

5.8.7. Executing OPT_CLEAN pass (remove unused cells and wires).
Finding unused cells or wires in module \p_encode8_3..
Finding unused cells or wires in module \seg..
Finding unused cells or wires in module \top..

5.8.8. Executing OPT_EXPR pass (perform const folding).
Optimizing module p_encode8_3.
Optimizing module seg.
Optimizing module top.

5.8.9. Finished fast OPT passes. (There is nothing left to do.)

5.9. Executing WREDUCE pass (reducing word size of cells).
Removed top 2 bits (of 3) from mux cell p_encode8_3.$procmux$44 ($mux).
Removed top 1 bits (of 3) from mux cell p_encode8_3.$procmux$68 ($mux).
Removed top 1 bits (of 3) from mux cell p_encode8_3.$procmux$89 ($mux).
Removed top 1 bits (of 3) from wire p_encode8_3.$6\ledr_out[2:0].
Removed top 1 bits (of 3) from wire p_encode8_3.$7\ledr_out[2:0].
Removed top 2 bits (of 3) from wire p_encode8_3.$8\ledr_out[2:0].
Removed top 29 address bits (of 32) from memory init port seg.$auto$mem.cc:351:emit$14 ($auto$proc_rom.cc:155:do_switch$12).

5.10. Executing PEEPOPT pass (run peephole optimizers).

5.11. Executing OPT_CLEAN pass (remove unused cells and wires).
Finding unused cells or wires in module \p_encode8_3..
Finding unused cells or wires in module \seg..
Finding unused cells or wires in module \top..
Removed 0 unused cells and 3 unused wires.
<suppressed ~1 debug messages>

5.12. Executing ALUMACC pass (create $alu and $macc cells).
Extracting $alu and $macc cells in module p_encode8_3:
  created 0 $alu and 0 $macc cells.
Extracting $alu and $macc cells in module seg:
  created 0 $alu and 0 $macc cells.
Extracting $alu and $macc cells in module top:
  created 0 $alu and 0 $macc cells.

5.13. Executing SHARE pass (SAT-based resource sharing).

5.14. Executing OPT pass (performing simple optimizations).

5.14.1. Executing OPT_EXPR pass (perform const folding).
Optimizing module p_encode8_3.
Optimizing module seg.
Optimizing module top.

5.14.2. Executing OPT_MERGE pass (detect identical cells).
Finding identical cells in module `\p_encode8_3'.
Finding identical cells in module `\seg'.
Finding identical cells in module `\top'.
Removed a total of 0 cells.

5.14.3. Executing OPT_MUXTREE pass (detect dead branches in mux trees).
Running muxtree optimizer on module \p_encode8_3..
  Creating internal representation of mux trees.
  Evaluating internal representation of mux trees.
  Analyzing evaluation results.
Running muxtree optimizer on module \seg..
  Creating internal representation of mux trees.
  No muxes found in this module.
Running muxtree optimizer on module \top..
  Creating internal representation of mux trees.
  No muxes found in this module.
Removed 0 multiplexer ports.
<suppressed ~9 debug messages>

5.14.4. Executing OPT_REDUCE pass (consolidate $*mux and $reduce_* inputs).
  Optimizing cells in module \p_encode8_3.
  Optimizing cells in module \seg.
  Optimizing cells in module \top.
Performed a total of 0 changes.

5.14.5. Executing OPT_MERGE pass (detect identical cells).
Finding identical cells in module `\p_encode8_3'.
Finding identical cells in module `\seg'.
Finding identical cells in module `\top'.
Removed a total of 0 cells.

5.14.6. Executing OPT_DFF pass (perform DFF optimizations).

5.14.7. Executing OPT_CLEAN pass (remove unused cells and wires).
Finding unused cells or wires in module \p_encode8_3..
Finding unused cells or wires in module \seg..
Finding unused cells or wires in module \top..

5.14.8. Executing OPT_EXPR pass (perform const folding).
Optimizing module p_encode8_3.
Optimizing module seg.
Optimizing module top.

5.14.9. Finished fast OPT passes. (There is nothing left to do.)

5.15. Executing MEMORY pass.

5.15.1. Executing OPT_MEM pass (optimize memories).
Performed a total of 0 transformations.

5.15.2. Executing OPT_MEM_PRIORITY pass (removing unnecessary memory write priority relations).
Performed a total of 0 transformations.

5.15.3. Executing OPT_MEM_FEEDBACK pass (finding memory read-to-write feedback paths).

5.15.4. Executing MEMORY_BMUX2ROM pass (converting muxes to ROMs).

5.15.5. Executing MEMORY_DFF pass (merging $dff cells to $memrd).
Checking read port `$auto$proc_rom.cc:155:do_switch$12'[0] in module `\seg': no output FF found.
Checking read port address `$auto$proc_rom.cc:155:do_switch$12'[0] in module `\seg': no address FF found.

5.15.6. Executing OPT_CLEAN pass (remove unused cells and wires).
Finding unused cells or wires in module \p_encode8_3..
Finding unused cells or wires in module \seg..
Finding unused cells or wires in module \top..

5.15.7. Executing MEMORY_SHARE pass (consolidating $memrd/$memwr cells).

5.15.8. Executing OPT_MEM_WIDEN pass (optimize memories where all ports are wide).
Performed a total of 0 transformations.

5.15.9. Executing OPT_CLEAN pass (remove unused cells and wires).
Finding unused cells or wires in module \p_encode8_3..
Finding unused cells or wires in module \seg..
Finding unused cells or wires in module \top..

5.15.10. Executing MEMORY_COLLECT pass (generating $mem cells).

5.16. Executing OPT_CLEAN pass (remove unused cells and wires).
Finding unused cells or wires in module \p_encode8_3..
Finding unused cells or wires in module \seg..
Finding unused cells or wires in module \top..

5.17. Executing OPT pass (performing simple optimizations).

5.17.1. Executing OPT_EXPR pass (perform const folding).
Optimizing module p_encode8_3.
<suppressed ~1 debug messages>
Optimizing module seg.
Optimizing module top.

5.17.2. Executing OPT_MERGE pass (detect identical cells).
Finding identical cells in module `\p_encode8_3'.
Finding identical cells in module `\seg'.
Finding identical cells in module `\top'.
Removed a total of 0 cells.

5.17.3. Executing OPT_DFF pass (perform DFF optimizations).

5.17.4. Executing OPT_CLEAN pass (remove unused cells and wires).
Finding unused cells or wires in module \p_encode8_3..
Finding unused cells or wires in module \seg..
Finding unused cells or wires in module \top..
Removed 0 unused cells and 1 unused wires.
<suppressed ~1 debug messages>

5.17.5. Finished fast OPT passes.

5.18. Executing MEMORY_MAP pass (converting memories to logic and flip-flops).
Mapping memory $auto$proc_rom.cc:155:do_switch$12 in module \seg:
  created 8 $dff cells and 0 static cells of width 8.
  read interface: 0 $dff and 7 $mux cells.
  write interface: 0 write mux blocks.

5.19. Executing OPT pass (performing simple optimizations).

5.19.1. Executing OPT_EXPR pass (perform const folding).
Optimizing module p_encode8_3.
Optimizing module seg.
Optimizing module top.

5.19.2. Executing OPT_MERGE pass (detect identical cells).
Finding identical cells in module `\p_encode8_3'.
Finding identical cells in module `\seg'.
Finding identical cells in module `\top'.
Removed a total of 0 cells.

5.19.3. Executing OPT_MUXTREE pass (detect dead branches in mux trees).
Running muxtree optimizer on module \p_encode8_3..
  Creating internal representation of mux trees.
  Evaluating internal representation of mux trees.
  Analyzing evaluation results.
Running muxtree optimizer on module \seg..
  Creating internal representation of mux trees.
  Evaluating internal representation of mux trees.
  Analyzing evaluation results.
Running muxtree optimizer on module \top..
  Creating internal representation of mux trees.
  No muxes found in this module.
Removed 0 multiplexer ports.
<suppressed ~16 debug messages>

5.19.4. Executing OPT_REDUCE pass (consolidate $*mux and $reduce_* inputs).
  Optimizing cells in module \p_encode8_3.
  Optimizing cells in module \seg.
    Consolidated identical input bits for $mux cell $memory$auto$proc_rom.cc:155:do_switch$12$rdmux[0][2][2]$170:
      Old ports: A=8'10011001, B=8'01001001, Y=$memory$auto$proc_rom.cc:155:do_switch$12$rdmux[0][1][1]$a$162
      New ports: A=2'01, B=2'10, Y={ $memory$auto$proc_rom.cc:155:do_switch$12$rdmux[0][1][1]$a$162 [6] $memory$auto$proc_rom.cc:155:do_switch$12$rdmux[0][1][1]$a$162 [4] }
      New connections: { $memory$auto$proc_rom.cc:155:do_switch$12$rdmux[0][1][1]$a$162 [7] $memory$auto$proc_rom.cc:155:do_switch$12$rdmux[0][1][1]$a$162 [5] $memory$auto$proc_rom.cc:155:do_switch$12$rdmux[0][1][1]$a$162 [3:0] } = { $memory$auto$proc_rom.cc:155:do_switch$12$rdmux[0][1][1]$a$162 [4] 5'01001 }
    Consolidated identical input bits for $mux cell $memory$auto$proc_rom.cc:155:do_switch$12$rdmux[0][2][1]$167:
      Old ports: A=8'00100101, B=8'00001101, Y=$memory$auto$proc_rom.cc:155:do_switch$12$rdmux[0][1][0]$b$160
      New ports: A=2'10, B=2'01, Y={ $memory$auto$proc_rom.cc:155:do_switch$12$rdmux[0][1][0]$b$160 [5] $memory$auto$proc_rom.cc:155:do_switch$12$rdmux[0][1][0]$b$160 [3] }
      New connections: { $memory$auto$proc_rom.cc:155:do_switch$12$rdmux[0][1][0]$b$160 [7:6] $memory$auto$proc_rom.cc:155:do_switch$12$rdmux[0][1][0]$b$160 [4] $memory$auto$proc_rom.cc:155:do_switch$12$rdmux[0][1][0]$b$160 [2:0] } = 6'000101
    Consolidated identical input bits for $mux cell $memory$auto$proc_rom.cc:155:do_switch$12$rdmux[0][2][0]$164:
      Old ports: A=8'00000010, B=8'10011111, Y=$memory$auto$proc_rom.cc:155:do_switch$12$rdmux[0][1][0]$a$159
      New ports: A=1'0, B=1'1, Y=$memory$auto$proc_rom.cc:155:do_switch$12$rdmux[0][1][0]$a$159 [0]
      New connections: $memory$auto$proc_rom.cc:155:do_switch$12$rdmux[0][1][0]$a$159 [7:1] = { $memory$auto$proc_rom.cc:155:do_switch$12$rdmux[0][1][0]$a$159 [0] 2'00 $memory$auto$proc_rom.cc:155:do_switch$12$rdmux[0][1][0]$a$159 [0] $memory$auto$proc_rom.cc:155:do_switch$12$rdmux[0][1][0]$a$159 [0] $memory$auto$proc_rom.cc:155:do_switch$12$rdmux[0][1][0]$a$159 [0] 1'1 }
    Consolidated identical input bits for $mux cell $memory$auto$proc_rom.cc:155:do_switch$12$rdmux[0][2][3]$173:
      Old ports: A=8'01000001, B=8'00011111, Y=$memory$auto$proc_rom.cc:155:do_switch$12$rdmux[0][1][1]$b$163
      New ports: A=2'10, B=2'01, Y={ $memory$auto$proc_rom.cc:155:do_switch$12$rdmux[0][1][1]$b$163 [6] $memory$auto$proc_rom.cc:155:do_switch$12$rdmux[0][1][1]$b$163 [1] }
      New connections: { $memory$auto$proc_rom.cc:155:do_switch$12$rdmux[0][1][1]$b$163 [7] $memory$auto$proc_rom.cc:155:do_switch$12$rdmux[0][1][1]$b$163 [5:2] $memory$auto$proc_rom.cc:155:do_switch$12$rdmux[0][1][1]$b$163 [0] } = { 2'00 $memory$auto$proc_rom.cc:155:do_switch$12$rdmux[0][1][1]$b$163 [1] $memory$auto$proc_rom.cc:155:do_switch$12$rdmux[0][1][1]$b$163 [1] $memory$auto$proc_rom.cc:155:do_switch$12$rdmux[0][1][1]$b$163 [1] 1'1 }
  Optimizing cells in module \seg.
    Consolidated identical input bits for $mux cell $memory$auto$proc_rom.cc:155:do_switch$12$rdmux[0][1][1]$161:
      Old ports: A=$memory$auto$proc_rom.cc:155:do_switch$12$rdmux[0][1][1]$a$162, B=$memory$auto$proc_rom.cc:155:do_switch$12$rdmux[0][1][1]$b$163, Y=$memory$auto$proc_rom.cc:155:do_switch$12$rdmux[0][0][0]$b$157
      New ports: A={ $memory$auto$proc_rom.cc:155:do_switch$12$rdmux[0][1][1]$a$162 [4] $memory$auto$proc_rom.cc:155:do_switch$12$rdmux[0][1][1]$a$162 [6] $memory$auto$proc_rom.cc:155:do_switch$12$rdmux[0][1][1]$a$162 [4] 2'10 }, B={ 1'0 $memory$auto$proc_rom.cc:155:do_switch$12$rdmux[0][1][1]$b$163 [6] $memory$auto$proc_rom.cc:155:do_switch$12$rdmux[0][1][1]$b$163 [1] $memory$auto$proc_rom.cc:155:do_switch$12$rdmux[0][1][1]$b$163 [1] $memory$auto$proc_rom.cc:155:do_switch$12$rdmux[0][1][1]$b$163 [1] }, Y={ $memory$auto$proc_rom.cc:155:do_switch$12$rdmux[0][0][0]$b$157 [7:6] $memory$auto$proc_rom.cc:155:do_switch$12$rdmux[0][0][0]$b$157 [4:3] $memory$auto$proc_rom.cc:155:do_switch$12$rdmux[0][0][0]$b$157 [1] }
      New connections: { $memory$auto$proc_rom.cc:155:do_switch$12$rdmux[0][0][0]$b$157 [5] $memory$auto$proc_rom.cc:155:do_switch$12$rdmux[0][0][0]$b$157 [2] $memory$auto$proc_rom.cc:155:do_switch$12$rdmux[0][0][0]$b$157 [0] } = { 1'0 $memory$auto$proc_rom.cc:155:do_switch$12$rdmux[0][0][0]$b$157 [1] 1'1 }
    Consolidated identical input bits for $mux cell $memory$auto$proc_rom.cc:155:do_switch$12$rdmux[0][1][0]$158:
      Old ports: A=$memory$auto$proc_rom.cc:155:do_switch$12$rdmux[0][1][0]$a$159, B=$memory$auto$proc_rom.cc:155:do_switch$12$rdmux[0][1][0]$b$160, Y=$memory$auto$proc_rom.cc:155:do_switch$12$rdmux[0][0][0]$a$156
      New ports: A={ 1'0 $memory$auto$proc_rom.cc:155:do_switch$12$rdmux[0][1][0]$a$159 [0] $memory$auto$proc_rom.cc:155:do_switch$12$rdmux[0][1][0]$a$159 [0] 1'1 $memory$auto$proc_rom.cc:155:do_switch$12$rdmux[0][1][0]$a$159 [0] }, B={ $memory$auto$proc_rom.cc:155:do_switch$12$rdmux[0][1][0]$b$160 [5] 1'0 $memory$auto$proc_rom.cc:155:do_switch$12$rdmux[0][1][0]$b$160 [3] 2'01 }, Y={ $memory$auto$proc_rom.cc:155:do_switch$12$rdmux[0][0][0]$a$156 [5:3] $memory$auto$proc_rom.cc:155:do_switch$12$rdmux[0][0][0]$a$156 [1:0] }
      New connections: { $memory$auto$proc_rom.cc:155:do_switch$12$rdmux[0][0][0]$a$156 [7:6] $memory$auto$proc_rom.cc:155:do_switch$12$rdmux[0][0][0]$a$156 [2] } = { $memory$auto$proc_rom.cc:155:do_switch$12$rdmux[0][0][0]$a$156 [4] 1'0 $memory$auto$proc_rom.cc:155:do_switch$12$rdmux[0][0][0]$a$156 [0] }
  Optimizing cells in module \seg.
  Optimizing cells in module \top.
Performed a total of 6 changes.

5.19.5. Executing OPT_MERGE pass (detect identical cells).
Finding identical cells in module `\p_encode8_3'.
Finding identical cells in module `\seg'.
<suppressed ~3 debug messages>
Finding identical cells in module `\top'.
Removed a total of 1 cells.

5.19.6. Executing OPT_SHARE pass.

5.19.7. Executing OPT_DFF pass (perform DFF optimizations).

5.19.8. Executing OPT_CLEAN pass (remove unused cells and wires).
Finding unused cells or wires in module \p_encode8_3..
Finding unused cells or wires in module \seg..
Finding unused cells or wires in module \top..
Removed 0 unused cells and 9 unused wires.
<suppressed ~1 debug messages>

5.19.9. Executing OPT_EXPR pass (perform const folding).
Optimizing module p_encode8_3.
Optimizing module seg.
<suppressed ~1 debug messages>
Optimizing module top.

5.19.10. Rerunning OPT passes. (Maybe there is more to do..)

5.19.11. Executing OPT_MUXTREE pass (detect dead branches in mux trees).
Running muxtree optimizer on module \p_encode8_3..
  Creating internal representation of mux trees.
  Evaluating internal representation of mux trees.
  Analyzing evaluation results.
Running muxtree optimizer on module \seg..
  Creating internal representation of mux trees.
  Evaluating internal representation of mux trees.
  Analyzing evaluation results.
Running muxtree optimizer on module \top..
  Creating internal representation of mux trees.
  No muxes found in this module.
Removed 0 multiplexer ports.
<suppressed ~17 debug messages>

5.19.12. Executing OPT_REDUCE pass (consolidate $*mux and $reduce_* inputs).
  Optimizing cells in module \p_encode8_3.
  Optimizing cells in module \seg.
  Optimizing cells in module \top.
Performed a total of 0 changes.

5.19.13. Executing OPT_MERGE pass (detect identical cells).
Finding identical cells in module `\p_encode8_3'.
Finding identical cells in module `\seg'.
Finding identical cells in module `\top'.
Removed a total of 0 cells.

5.19.14. Executing OPT_SHARE pass.

5.19.15. Executing OPT_DFF pass (perform DFF optimizations).

5.19.16. Executing OPT_CLEAN pass (remove unused cells and wires).
Finding unused cells or wires in module \p_encode8_3..
Finding unused cells or wires in module \seg..
Finding unused cells or wires in module \top..
Removed 0 unused cells and 1 unused wires.
<suppressed ~1 debug messages>

5.19.17. Executing OPT_EXPR pass (perform const folding).
Optimizing module p_encode8_3.
Optimizing module seg.
Optimizing module top.

5.19.18. Rerunning OPT passes. (Maybe there is more to do..)

5.19.19. Executing OPT_MUXTREE pass (detect dead branches in mux trees).
Running muxtree optimizer on module \p_encode8_3..
  Creating internal representation of mux trees.
  Evaluating internal representation of mux trees.
  Analyzing evaluation results.
Running muxtree optimizer on module \seg..
  Creating internal representation of mux trees.
  Evaluating internal representation of mux trees.
  Analyzing evaluation results.
Running muxtree optimizer on module \top..
  Creating internal representation of mux trees.
  No muxes found in this module.
Removed 0 multiplexer ports.
<suppressed ~17 debug messages>

5.19.20. Executing OPT_REDUCE pass (consolidate $*mux and $reduce_* inputs).
  Optimizing cells in module \p_encode8_3.
  Optimizing cells in module \seg.
  Optimizing cells in module \top.
Performed a total of 0 changes.

5.19.21. Executing OPT_MERGE pass (detect identical cells).
Finding identical cells in module `\p_encode8_3'.
Finding identical cells in module `\seg'.
Finding identical cells in module `\top'.
Removed a total of 0 cells.

5.19.22. Executing OPT_SHARE pass.

5.19.23. Executing OPT_DFF pass (perform DFF optimizations).

5.19.24. Executing OPT_CLEAN pass (remove unused cells and wires).
Finding unused cells or wires in module \p_encode8_3..
Finding unused cells or wires in module \seg..
Finding unused cells or wires in module \top..

5.19.25. Executing OPT_EXPR pass (perform const folding).
Optimizing module p_encode8_3.
Optimizing module seg.
Optimizing module top.

5.19.26. Finished fast OPT passes. (There is nothing left to do.)

5.20. Executing TECHMAP pass (map to technology primitives).

5.20.1. Executing Verilog-2005 frontend: /home/l/.local/bin/../share/yosys/techmap.v
Parsing Verilog input from `/home/l/.local/bin/../share/yosys/techmap.v' to AST representation.
verilog frontend filename /home/l/.local/bin/../share/yosys/techmap.v
Generating RTLIL representation for module `\_90_simplemap_bool_ops'.
Generating RTLIL representation for module `\_90_simplemap_reduce_ops'.
Generating RTLIL representation for module `\_90_simplemap_logic_ops'.
Generating RTLIL representation for module `\_90_simplemap_compare_ops'.
Generating RTLIL representation for module `\_90_simplemap_various'.
Generating RTLIL representation for module `\_90_simplemap_registers'.
Generating RTLIL representation for module `\_90_shift_ops_shr_shl_sshl_sshr'.
Generating RTLIL representation for module `\_90_shift_shiftx'.
Generating RTLIL representation for module `\_90_fa'.
Generating RTLIL representation for module `\_90_lcu_brent_kung'.
Generating RTLIL representation for module `\_90_alu'.
Generating RTLIL representation for module `\_90_macc'.
Generating RTLIL representation for module `\_90_alumacc'.
Generating RTLIL representation for module `\$__div_mod_u'.
Generating RTLIL representation for module `\$__div_mod_trunc'.
Generating RTLIL representation for module `\_90_div'.
Generating RTLIL representation for module `\_90_mod'.
Generating RTLIL representation for module `\$__div_mod_floor'.
Generating RTLIL representation for module `\_90_divfloor'.
Generating RTLIL representation for module `\_90_modfloor'.
Generating RTLIL representation for module `\_90_pow'.
Generating RTLIL representation for module `\_90_pmux'.
Generating RTLIL representation for module `\_90_demux'.
Generating RTLIL representation for module `\_90_lut'.
Generating RTLIL representation for module `\$connect'.
Generating RTLIL representation for module `\$input_port'.
Successfully finished Verilog frontend.

5.20.2. Continuing TECHMAP pass.
Using extmapper simplemap for cells of type $mux.
No more expansions possible.
<suppressed ~89 debug messages>

5.21. Executing OPT pass (performing simple optimizations).

5.21.1. Executing OPT_EXPR pass (perform const folding).
Optimizing module p_encode8_3.
<suppressed ~2 debug messages>
Optimizing module seg.
<suppressed ~3 debug messages>
Optimizing module top.

5.21.2. Executing OPT_MERGE pass (detect identical cells).
Finding identical cells in module `\p_encode8_3'.
Finding identical cells in module `\seg'.
<suppressed ~3 debug messages>
Finding identical cells in module `\top'.
Removed a total of 1 cells.

5.21.3. Executing OPT_DFF pass (perform DFF optimizations).

5.21.4. Executing OPT_CLEAN pass (remove unused cells and wires).
Finding unused cells or wires in module \p_encode8_3..
Finding unused cells or wires in module \seg..
Finding unused cells or wires in module \top..
Removed 0 unused cells and 1 unused wires.
<suppressed ~1 debug messages>

5.21.5. Finished fast OPT passes.

5.22. Executing ABC pass (technology mapping using ABC).

5.22.1. Extracting gate netlist of module `\p_encode8_3' to `<abc-temp-dir>/input.blif'..

5.22.1.1. Executed ABC.
Extracted 17 gates and 27 wires to a netlist network with 8 inputs and 3 outputs.
Running ABC script: <abc-temp-dir>/abc.script
ABC: UC Berkeley, ABC 1.01 (compiled Nov 14 2025 19:58:48)
ABC: abc 01> empty
ABC: abc 01> source <abc-temp-dir>/abc.script
ABC: + read_blif <abc-temp-dir>/input.blif 
ABC: + read_library /tmp/yosys-abc-KKVu6y/stdcells.genlib 
ABC: + strash 
ABC: + dretime 
ABC: + map 
ABC: + write_blif <abc-temp-dir>/output.blif 

5.22.1.2. Re-integrating ABC results.
ABC RESULTS:            ANDNOT cells:       10
ABC RESULTS:               NOR cells:        2
ABC RESULTS:               NOT cells:        1
ABC RESULTS:                OR cells:        5
ABC RESULTS:        internal signals:       16
ABC RESULTS:           input signals:        8
ABC RESULTS:          output signals:        3
Removing temp directory.

5.22.2. Extracting gate netlist of module `\seg' to `<abc-temp-dir>/input.blif'..

5.22.2.1. Executed ABC.
Extracted 18 gates and 23 wires to a netlist network with 3 inputs and 8 outputs.
Running ABC script: <abc-temp-dir>/abc.script
ABC: UC Berkeley, ABC 1.01 (compiled Nov 14 2025 19:58:48)
ABC: abc 01> empty
ABC: abc 01> source <abc-temp-dir>/abc.script
ABC: + read_blif <abc-temp-dir>/input.blif 
ABC: + read_library /tmp/yosys-abc-KKVu6y/stdcells.genlib 
ABC: + strash 
ABC: + dretime 
ABC: + map 
ABC: + write_blif <abc-temp-dir>/output.blif 

5.22.2.2. Re-integrating ABC results.
ABC RESULTS:               AND cells:        1
ABC RESULTS:            ANDNOT cells:        3
ABC RESULTS:               MUX cells:        5
ABC RESULTS:               NOR cells:        1
ABC RESULTS:               NOT cells:        2
ABC RESULTS:                OR cells:        2
ABC RESULTS:             ORNOT cells:        2
ABC RESULTS:              XNOR cells:        2
ABC RESULTS:        internal signals:       12
ABC RESULTS:           input signals:        3
ABC RESULTS:          output signals:        8
Removing temp directory.

5.22.3. Extracting gate netlist of module `\top' to `<abc-temp-dir>/input.blif'..
Don't call ABC as there is nothing to map.

5.22.3.1. Executed ABC.
Extracted 0 gates and 0 wires to a netlist network with 0 inputs and 0 outputs.
Removing temp directory.
Removing global temp directory.

5.23. Executing OPT pass (performing simple optimizations).

5.23.1. Executing OPT_EXPR pass (perform const folding).
Optimizing module p_encode8_3.
Optimizing module seg.
<suppressed ~5 debug messages>
Optimizing module top.

5.23.2. Executing OPT_MERGE pass (detect identical cells).
Finding identical cells in module `\p_encode8_3'.
Finding identical cells in module `\seg'.
<suppressed ~6 debug messages>
Finding identical cells in module `\top'.
Removed a total of 2 cells.

5.23.3. Executing OPT_DFF pass (perform DFF optimizations).

5.23.4. Executing OPT_CLEAN pass (remove unused cells and wires).
Finding unused cells or wires in module \p_encode8_3..
Finding unused cells or wires in module \seg..
Finding unused cells or wires in module \top..
Removed 0 unused cells and 33 unused wires.
<suppressed ~2 debug messages>

5.23.5. Finished fast OPT passes.

5.24. Executing HIERARCHY pass (managing design hierarchy).
Attribute `top' found on module `top'. Setting top module to top.

5.24.1. Analyzing design hierarchy..
Top module:  \top
Used module:     \p_encode8_3
Used module:     \seg

5.24.2. Analyzing design hierarchy..
Top module:  \top
Used module:     \p_encode8_3
Used module:     \seg
Removed 0 unused modules.

5.25. Printing statistics.

=== p_encode8_3 ===

        +----------Local Count, excluding submodules.
        | 
       18 wires
       27 wire bits
        3 public wires
       12 public wire bits
        3 ports
       12 port bits
       18 cells
       10   $_ANDNOT_
        2   $_NOR_
        1   $_NOT_
        5   $_OR_

=== seg ===

        +----------Local Count, excluding submodules.
        | 
       10 wires
       19 wire bits
        2 public wires
       11 public wire bits
        2 ports
       11 port bits
       16 cells
        3   $_ANDNOT_
        1   $_AND_
        5   $_MUX_
        1   $_NOR_
        2   $_NOT_
        1   $_ORNOT_
        2   $_OR_
        1   $_XNOR_

=== top ===

        +----------Local Count, excluding submodules.
        | 
        5 wires
       23 wire bits
        5 public wires
       23 public wire bits
        4 ports
       20 port bits
        2 submodules
        1   p_encode8_3
        1   seg

=== design hierarchy ===

        +----------Count including submodules.
        | 
       34 top
       18 p_encode8_3
       16 seg

        +----------Count including submodules.
        | 
       33 wires
       69 wire bits
       10 public wires
       46 public wire bits
        9 ports
       43 port bits
        - memories
        - memory bits
        - processes
       34 cells
       13   $_ANDNOT_
        1   $_AND_
        5   $_MUX_
        3   $_NOR_
        3   $_NOT_
        1   $_ORNOT_
        7   $_OR_
        1   $_XNOR_
        2 submodules
        1   p_encode8_3
        1   seg

5.26. Executing CHECK pass (checking for obvious problems).
Checking module p_encode8_3...
Checking module seg...
Checking module top...
Found and reported 0 problems.

6. Executing OPT pass (performing simple optimizations).

6.1. Executing OPT_EXPR pass (perform const folding).
Optimizing module p_encode8_3.
Optimizing module seg.
Optimizing module top.

6.2. Executing OPT_MERGE pass (detect identical cells).
Finding identical cells in module `\p_encode8_3'.
Finding identical cells in module `\seg'.
Finding identical cells in module `\top'.
Removed a total of 0 cells.

6.3. Executing OPT_MUXTREE pass (detect dead branches in mux trees).
Running muxtree optimizer on module \p_encode8_3..
  Creating internal representation of mux trees.
  No muxes found in this module.
Running muxtree optimizer on module \seg..
  Creating internal representation of mux trees.
  No muxes found in this module.
Running muxtree optimizer on module \top..
  Creating internal representation of mux trees.
  No muxes found in this module.
Removed 0 multiplexer ports.

6.4. Executing OPT_REDUCE pass (consolidate $*mux and $reduce_* inputs).
  Optimizing cells in module \p_encode8_3.
  Optimizing cells in module \seg.
  Optimizing cells in module \top.
Performed a total of 0 changes.

6.5. Executing OPT_MERGE pass (detect identical cells).
Finding identical cells in module `\p_encode8_3'.
Finding identical cells in module `\seg'.
Finding identical cells in module `\top'.
Removed a total of 0 cells.

6.6. Executing OPT_SHARE pass.

6.7. Executing OPT_DFF pass (perform DFF optimizations).

6.8. Executing OPT_CLEAN pass (remove unused cells and wires).
Finding unused cells or wires in module \p_encode8_3..
Finding unused cells or wires in module \seg..
Finding unused cells or wires in module \top..

6.9. Executing OPT_EXPR pass (perform const folding).
Optimizing module p_encode8_3.
Optimizing module seg.
Optimizing module top.

6.10. Finished fast OPT passes. (There is nothing left to do.)

7. Executing Verilog backend.

7.1. Executing BMUXMAP pass.

7.2. Executing DEMUXMAP pass.
Dumping module `\p_encode8_3'.
Dumping module `\seg'.
Dumping module `\top'.

End of script. Logfile hash: 856d775b4c, CPU: user 0.15s system 0.01s, MEM: 21.23 MB peak
Yosys 0.59+44 (git sha1 abc78f042, g++ 13.3.0-6ubuntu2~24.04 -fPIC -O3)
Time spent: 61% 1x abc (0 sec), 12% 18x opt_expr (0 sec), ...
