
 /----------------------------------------------------------------------------\
 |  yosys -- Yosys Open SYnthesis Suite                                       |
 |  Copyright (C) 2012 - 2025  Claire Xenia Wolf <claire@yosyshq.com>         |
 |  Distributed under an ISC-like license, type "license" to see terms        |
 \----------------------------------------------------------------------------/
 Yosys 0.59+44 (git sha1 abc78f042, g++ 13.3.0-6ubuntu2~24.04 -fPIC -O3)

-- Running command `			read_verilog p17_d/vsrc/register.v; 			hierarchy -check -top register; 			synth; 			opt -full; 			write_verilog -noattr p17_d/yosys_obj/register_synthesized.v' --

1. Executing Verilog-2005 frontend: p17_d/vsrc/register.v
Parsing Verilog input from `p17_d/vsrc/register.v' to AST representation.
verilog frontend filename p17_d/vsrc/register.v
Generating RTLIL representation for module `\register'.
Successfully finished Verilog frontend.

2. Executing HIERARCHY pass (managing design hierarchy).

2.1. Analyzing design hierarchy..
Top module:  \register

2.2. Analyzing design hierarchy..
Top module:  \register
Removed 0 unused modules.

3. Executing SYNTH pass.

3.1. Executing HIERARCHY pass (managing design hierarchy).
Attribute `top' found on module `register'. Setting top module to register.

3.1.1. Analyzing design hierarchy..
Top module:  \register

3.1.2. Analyzing design hierarchy..
Top module:  \register
Removed 0 unused modules.

3.2. Executing PROC pass (convert processes to netlists).

3.2.1. Executing PROC_CLEAN pass (remove empty switches from decision trees).
Cleaned up 0 empty switches.

3.2.2. Executing PROC_RMDEAD pass (remove dead branches from decision trees).
Marked 2 switch rules as full_case in process $proc$p17_d/vsrc/register.v:17$1 in module register.
Removed a total of 0 dead cases.

3.2.3. Executing PROC_PRUNE pass (remove redundant assignments in processes).
Removed 0 redundant assignments.
Promoted 0 assignments to connections.

3.2.4. Executing PROC_INIT pass (extract init attributes).

3.2.5. Executing PROC_ARST pass (detect async resets in processes).
Found async reset \rstn in `\register.$proc$p17_d/vsrc/register.v:17$1'.
Found async reset \set in `\register.$proc$p17_d/vsrc/register.v:17$1'.

3.2.6. Executing PROC_ROM pass (convert switches to ROMs).
Converted 0 switches.
<suppressed ~1 debug messages>

3.2.7. Executing PROC_MUX pass (convert decision trees to multiplexers).
Creating decoders for process `\register.$proc$p17_d/vsrc/register.v:17$1'.
     1/1: $0\q[7:0]

3.2.8. Executing PROC_DLATCH pass (convert process syncs to latches).

3.2.9. Executing PROC_DFF pass (convert process syncs to FFs).
Creating register for signal `\register.\q' using process `\register.$proc$p17_d/vsrc/register.v:17$1'.
Warning: Complex async reset for dff `\q'.
  created $dffsr cell `$procdff$16' with positive edge clock and multiple level-sensitive resets.

3.2.10. Executing PROC_MEMWR pass (convert process memory writes to cells).

3.2.11. Executing PROC_CLEAN pass (remove empty switches from decision trees).
Found and cleaned up 1 empty switch in `\register.$proc$p17_d/vsrc/register.v:17$1'.
Removing empty process `register.$proc$p17_d/vsrc/register.v:17$1'.
Cleaned up 1 empty switch.

3.2.12. Executing OPT_EXPR pass (perform const folding).
Optimizing module register.
<suppressed ~3 debug messages>

3.3. Executing OPT_EXPR pass (perform const folding).
Optimizing module register.

3.4. Executing OPT_CLEAN pass (remove unused cells and wires).
Finding unused cells or wires in module \register..
Removed 0 unused cells and 5 unused wires.
<suppressed ~1 debug messages>

3.5. Executing CHECK pass (checking for obvious problems).
Checking module register...
Found and reported 0 problems.

3.6. Executing OPT pass (performing simple optimizations).

3.6.1. Executing OPT_EXPR pass (perform const folding).
Optimizing module register.

3.6.2. Executing OPT_MERGE pass (detect identical cells).
Finding identical cells in module `\register'.
Removed a total of 0 cells.

3.6.3. Executing OPT_MUXTREE pass (detect dead branches in mux trees).
Running muxtree optimizer on module \register..
  Creating internal representation of mux trees.
  Evaluating internal representation of mux trees.
  Analyzing evaluation results.
Removed 0 multiplexer ports.
<suppressed ~7 debug messages>

3.6.4. Executing OPT_REDUCE pass (consolidate $*mux and $reduce_* inputs).
  Optimizing cells in module \register.
Performed a total of 0 changes.

3.6.5. Executing OPT_MERGE pass (detect identical cells).
Finding identical cells in module `\register'.
Removed a total of 0 cells.

3.6.6. Executing OPT_DFF pass (perform DFF optimizations).

3.6.7. Executing OPT_CLEAN pass (remove unused cells and wires).
Finding unused cells or wires in module \register..

3.6.8. Executing OPT_EXPR pass (perform const folding).
Optimizing module register.

3.6.9. Finished fast OPT passes. (There is nothing left to do.)

3.7. Executing FSM pass (extract and optimize FSM).

3.7.1. Executing FSM_DETECT pass (finding FSMs in design).

3.7.2. Executing FSM_EXTRACT pass (extracting FSM from design).

3.7.3. Executing FSM_OPT pass (simple optimizations of FSMs).

3.7.4. Executing OPT_CLEAN pass (remove unused cells and wires).
Finding unused cells or wires in module \register..

3.7.5. Executing FSM_OPT pass (simple optimizations of FSMs).

3.7.6. Executing FSM_RECODE pass (re-assigning FSM state encoding).

3.7.7. Executing FSM_INFO pass (dumping all available information on FSM cells).

3.7.8. Executing FSM_MAP pass (mapping FSMs to basic logic).

3.8. Executing OPT pass (performing simple optimizations).

3.8.1. Executing OPT_EXPR pass (perform const folding).
Optimizing module register.

3.8.2. Executing OPT_MERGE pass (detect identical cells).
Finding identical cells in module `\register'.
Removed a total of 0 cells.

3.8.3. Executing OPT_MUXTREE pass (detect dead branches in mux trees).
Running muxtree optimizer on module \register..
  Creating internal representation of mux trees.
  Evaluating internal representation of mux trees.
  Analyzing evaluation results.
Removed 0 multiplexer ports.
<suppressed ~7 debug messages>

3.8.4. Executing OPT_REDUCE pass (consolidate $*mux and $reduce_* inputs).
  Optimizing cells in module \register.
Performed a total of 0 changes.

3.8.5. Executing OPT_MERGE pass (detect identical cells).
Finding identical cells in module `\register'.
Removed a total of 0 cells.

3.8.6. Executing OPT_DFF pass (perform DFF optimizations).
Adding EN signal on $procdff$16 ($dffsr) from module register (D = \d, Q = \q).

3.8.7. Executing OPT_CLEAN pass (remove unused cells and wires).
Finding unused cells or wires in module \register..
Removed 1 unused cells and 1 unused wires.
<suppressed ~2 debug messages>

3.8.8. Executing OPT_EXPR pass (perform const folding).
Optimizing module register.

3.8.9. Rerunning OPT passes. (Maybe there is more to do..)

3.8.10. Executing OPT_MUXTREE pass (detect dead branches in mux trees).
Running muxtree optimizer on module \register..
  Creating internal representation of mux trees.
  Evaluating internal representation of mux trees.
  Analyzing evaluation results.
Removed 0 multiplexer ports.
<suppressed ~5 debug messages>

3.8.11. Executing OPT_REDUCE pass (consolidate $*mux and $reduce_* inputs).
  Optimizing cells in module \register.
Performed a total of 0 changes.

3.8.12. Executing OPT_MERGE pass (detect identical cells).
Finding identical cells in module `\register'.
Removed a total of 0 cells.

3.8.13. Executing OPT_DFF pass (perform DFF optimizations).

3.8.14. Executing OPT_CLEAN pass (remove unused cells and wires).
Finding unused cells or wires in module \register..

3.8.15. Executing OPT_EXPR pass (perform const folding).
Optimizing module register.

3.8.16. Finished fast OPT passes. (There is nothing left to do.)

3.9. Executing WREDUCE pass (reducing word size of cells).

3.10. Executing PEEPOPT pass (run peephole optimizers).

3.11. Executing OPT_CLEAN pass (remove unused cells and wires).
Finding unused cells or wires in module \register..

3.12. Executing ALUMACC pass (create $alu and $macc cells).
Extracting $alu and $macc cells in module register:
  created 0 $alu and 0 $macc cells.

3.13. Executing SHARE pass (SAT-based resource sharing).

3.14. Executing OPT pass (performing simple optimizations).

3.14.1. Executing OPT_EXPR pass (perform const folding).
Optimizing module register.

3.14.2. Executing OPT_MERGE pass (detect identical cells).
Finding identical cells in module `\register'.
Removed a total of 0 cells.

3.14.3. Executing OPT_MUXTREE pass (detect dead branches in mux trees).
Running muxtree optimizer on module \register..
  Creating internal representation of mux trees.
  Evaluating internal representation of mux trees.
  Analyzing evaluation results.
Removed 0 multiplexer ports.
<suppressed ~5 debug messages>

3.14.4. Executing OPT_REDUCE pass (consolidate $*mux and $reduce_* inputs).
  Optimizing cells in module \register.
Performed a total of 0 changes.

3.14.5. Executing OPT_MERGE pass (detect identical cells).
Finding identical cells in module `\register'.
Removed a total of 0 cells.

3.14.6. Executing OPT_DFF pass (perform DFF optimizations).

3.14.7. Executing OPT_CLEAN pass (remove unused cells and wires).
Finding unused cells or wires in module \register..

3.14.8. Executing OPT_EXPR pass (perform const folding).
Optimizing module register.

3.14.9. Finished fast OPT passes. (There is nothing left to do.)

3.15. Executing MEMORY pass.

3.15.1. Executing OPT_MEM pass (optimize memories).
Performed a total of 0 transformations.

3.15.2. Executing OPT_MEM_PRIORITY pass (removing unnecessary memory write priority relations).
Performed a total of 0 transformations.

3.15.3. Executing OPT_MEM_FEEDBACK pass (finding memory read-to-write feedback paths).

3.15.4. Executing MEMORY_BMUX2ROM pass (converting muxes to ROMs).

3.15.5. Executing MEMORY_DFF pass (merging $dff cells to $memrd).

3.15.6. Executing OPT_CLEAN pass (remove unused cells and wires).
Finding unused cells or wires in module \register..

3.15.7. Executing MEMORY_SHARE pass (consolidating $memrd/$memwr cells).

3.15.8. Executing OPT_MEM_WIDEN pass (optimize memories where all ports are wide).
Performed a total of 0 transformations.

3.15.9. Executing OPT_CLEAN pass (remove unused cells and wires).
Finding unused cells or wires in module \register..

3.15.10. Executing MEMORY_COLLECT pass (generating $mem cells).

3.16. Executing OPT_CLEAN pass (remove unused cells and wires).
Finding unused cells or wires in module \register..

3.17. Executing OPT pass (performing simple optimizations).

3.17.1. Executing OPT_EXPR pass (perform const folding).
Optimizing module register.

3.17.2. Executing OPT_MERGE pass (detect identical cells).
Finding identical cells in module `\register'.
Removed a total of 0 cells.

3.17.3. Executing OPT_DFF pass (perform DFF optimizations).

3.17.4. Executing OPT_CLEAN pass (remove unused cells and wires).
Finding unused cells or wires in module \register..

3.17.5. Finished fast OPT passes.

3.18. Executing MEMORY_MAP pass (converting memories to logic and flip-flops).

3.19. Executing OPT pass (performing simple optimizations).

3.19.1. Executing OPT_EXPR pass (perform const folding).
Optimizing module register.

3.19.2. Executing OPT_MERGE pass (detect identical cells).
Finding identical cells in module `\register'.
Removed a total of 0 cells.

3.19.3. Executing OPT_MUXTREE pass (detect dead branches in mux trees).
Running muxtree optimizer on module \register..
  Creating internal representation of mux trees.
  Evaluating internal representation of mux trees.
  Analyzing evaluation results.
Removed 0 multiplexer ports.
<suppressed ~5 debug messages>

3.19.4. Executing OPT_REDUCE pass (consolidate $*mux and $reduce_* inputs).
  Optimizing cells in module \register.
    Consolidated identical input bits for $mux cell $auto$proc_dff.cc:74:gen_dffsr_complex$4:
      Old ports: A=8'00000000, B=8'11111111, Y=$auto$rtlil.cc:3483:Mux$5
      New ports: A=1'0, B=1'1, Y=$auto$rtlil.cc:3483:Mux$5 [0]
      New connections: $auto$rtlil.cc:3483:Mux$5 [7:1] = { $auto$rtlil.cc:3483:Mux$5 [0] $auto$rtlil.cc:3483:Mux$5 [0] $auto$rtlil.cc:3483:Mux$5 [0] $auto$rtlil.cc:3483:Mux$5 [0] $auto$rtlil.cc:3483:Mux$5 [0] $auto$rtlil.cc:3483:Mux$5 [0] $auto$rtlil.cc:3483:Mux$5 [0] }
    Consolidated identical input bits for $mux cell $auto$proc_dff.cc:78:gen_dffsr_complex$14:
      Old ports: A=8'00000000, B=8'11111111, Y=$auto$rtlil.cc:3483:Mux$15
      New ports: A=1'0, B=1'1, Y=$auto$rtlil.cc:3483:Mux$15 [0]
      New connections: $auto$rtlil.cc:3483:Mux$15 [7:1] = { $auto$rtlil.cc:3483:Mux$15 [0] $auto$rtlil.cc:3483:Mux$15 [0] $auto$rtlil.cc:3483:Mux$15 [0] $auto$rtlil.cc:3483:Mux$15 [0] $auto$rtlil.cc:3483:Mux$15 [0] $auto$rtlil.cc:3483:Mux$15 [0] $auto$rtlil.cc:3483:Mux$15 [0] }
  Optimizing cells in module \register.
    Consolidated identical input bits for $mux cell $auto$proc_dff.cc:74:gen_dffsr_complex$10:
      Old ports: A=$auto$rtlil.cc:3483:Mux$5, B=8'00000000, Y=$auto$rtlil.cc:3483:Mux$11
      New ports: A=$auto$rtlil.cc:3483:Mux$5 [0], B=1'0, Y=$auto$rtlil.cc:3483:Mux$11 [0]
      New connections: $auto$rtlil.cc:3483:Mux$11 [7:1] = { $auto$rtlil.cc:3483:Mux$11 [0] $auto$rtlil.cc:3483:Mux$11 [0] $auto$rtlil.cc:3483:Mux$11 [0] $auto$rtlil.cc:3483:Mux$11 [0] $auto$rtlil.cc:3483:Mux$11 [0] $auto$rtlil.cc:3483:Mux$11 [0] $auto$rtlil.cc:3483:Mux$11 [0] }
  Optimizing cells in module \register.
Performed a total of 3 changes.

3.19.5. Executing OPT_MERGE pass (detect identical cells).
Finding identical cells in module `\register'.
Removed a total of 0 cells.

3.19.6. Executing OPT_SHARE pass.

3.19.7. Executing OPT_DFF pass (perform DFF optimizations).

3.19.8. Executing OPT_CLEAN pass (remove unused cells and wires).
Finding unused cells or wires in module \register..

3.19.9. Executing OPT_EXPR pass (perform const folding).
Optimizing module register.
<suppressed ~2 debug messages>

3.19.10. Rerunning OPT passes. (Maybe there is more to do..)

3.19.11. Executing OPT_MUXTREE pass (detect dead branches in mux trees).
Running muxtree optimizer on module \register..
  Creating internal representation of mux trees.
  Evaluating internal representation of mux trees.
  Analyzing evaluation results.
Removed 0 multiplexer ports.
<suppressed ~2 debug messages>

3.19.12. Executing OPT_REDUCE pass (consolidate $*mux and $reduce_* inputs).
  Optimizing cells in module \register.
Performed a total of 0 changes.

3.19.13. Executing OPT_MERGE pass (detect identical cells).
Finding identical cells in module `\register'.
Removed a total of 0 cells.

3.19.14. Executing OPT_SHARE pass.

3.19.15. Executing OPT_DFF pass (perform DFF optimizations).

3.19.16. Executing OPT_CLEAN pass (remove unused cells and wires).
Finding unused cells or wires in module \register..
Removed 0 unused cells and 2 unused wires.
<suppressed ~1 debug messages>

3.19.17. Executing OPT_EXPR pass (perform const folding).
Optimizing module register.

3.19.18. Rerunning OPT passes. (Maybe there is more to do..)

3.19.19. Executing OPT_MUXTREE pass (detect dead branches in mux trees).
Running muxtree optimizer on module \register..
  Creating internal representation of mux trees.
  Evaluating internal representation of mux trees.
  Analyzing evaluation results.
Removed 0 multiplexer ports.
<suppressed ~2 debug messages>

3.19.20. Executing OPT_REDUCE pass (consolidate $*mux and $reduce_* inputs).
  Optimizing cells in module \register.
Performed a total of 0 changes.

3.19.21. Executing OPT_MERGE pass (detect identical cells).
Finding identical cells in module `\register'.
Removed a total of 0 cells.

3.19.22. Executing OPT_SHARE pass.

3.19.23. Executing OPT_DFF pass (perform DFF optimizations).

3.19.24. Executing OPT_CLEAN pass (remove unused cells and wires).
Finding unused cells or wires in module \register..

3.19.25. Executing OPT_EXPR pass (perform const folding).
Optimizing module register.

3.19.26. Finished fast OPT passes. (There is nothing left to do.)

3.20. Executing TECHMAP pass (map to technology primitives).

3.20.1. Executing Verilog-2005 frontend: /home/l/.local/bin/../share/yosys/techmap.v
Parsing Verilog input from `/home/l/.local/bin/../share/yosys/techmap.v' to AST representation.
verilog frontend filename /home/l/.local/bin/../share/yosys/techmap.v
Generating RTLIL representation for module `\_90_simplemap_bool_ops'.
Generating RTLIL representation for module `\_90_simplemap_reduce_ops'.
Generating RTLIL representation for module `\_90_simplemap_logic_ops'.
Generating RTLIL representation for module `\_90_simplemap_compare_ops'.
Generating RTLIL representation for module `\_90_simplemap_various'.
Generating RTLIL representation for module `\_90_simplemap_registers'.
Generating RTLIL representation for module `\_90_shift_ops_shr_shl_sshl_sshr'.
Generating RTLIL representation for module `\_90_shift_shiftx'.
Generating RTLIL representation for module `\_90_fa'.
Generating RTLIL representation for module `\_90_lcu_brent_kung'.
Generating RTLIL representation for module `\_90_alu'.
Generating RTLIL representation for module `\_90_macc'.
Generating RTLIL representation for module `\_90_alumacc'.
Generating RTLIL representation for module `\$__div_mod_u'.
Generating RTLIL representation for module `\$__div_mod_trunc'.
Generating RTLIL representation for module `\_90_div'.
Generating RTLIL representation for module `\_90_mod'.
Generating RTLIL representation for module `\$__div_mod_floor'.
Generating RTLIL representation for module `\_90_divfloor'.
Generating RTLIL representation for module `\_90_modfloor'.
Generating RTLIL representation for module `\_90_pow'.
Generating RTLIL representation for module `\_90_pmux'.
Generating RTLIL representation for module `\_90_demux'.
Generating RTLIL representation for module `\_90_lut'.
Generating RTLIL representation for module `\$connect'.
Generating RTLIL representation for module `\$input_port'.
Successfully finished Verilog frontend.

3.20.2. Continuing TECHMAP pass.
Using extmapper simplemap for cells of type $dffsre.
Using extmapper simplemap for cells of type $mux.
No more expansions possible.
<suppressed ~79 debug messages>

3.21. Executing OPT pass (performing simple optimizations).

3.21.1. Executing OPT_EXPR pass (perform const folding).
Optimizing module register.

3.21.2. Executing OPT_MERGE pass (detect identical cells).
Finding identical cells in module `\register'.
Removed a total of 0 cells.

3.21.3. Executing OPT_DFF pass (perform DFF optimizations).

3.21.4. Executing OPT_CLEAN pass (remove unused cells and wires).
Finding unused cells or wires in module \register..

3.21.5. Finished fast OPT passes.

3.22. Executing ABC pass (technology mapping using ABC).

3.22.1. Extracting gate netlist of module `\register' to `<abc-temp-dir>/input.blif'..

3.22.1.1. Executed ABC.
Extracted 1 gates and 4 wires to a netlist network with 2 inputs and 1 outputs.
Running ABC script: <abc-temp-dir>/abc.script
ABC: UC Berkeley, ABC 1.01 (compiled Nov 14 2025 19:58:48)
ABC: abc 01> empty
ABC: abc 01> source <abc-temp-dir>/abc.script
ABC: + read_blif <abc-temp-dir>/input.blif 
ABC: + read_library /tmp/yosys-abc-DteiHd/stdcells.genlib 
ABC: + strash 
ABC: + dretime 
ABC: + map 
ABC: + write_blif <abc-temp-dir>/output.blif 

3.22.1.2. Re-integrating ABC results.
ABC RESULTS:            ANDNOT cells:        1
ABC RESULTS:        internal signals:        1
ABC RESULTS:           input signals:        2
ABC RESULTS:          output signals:        1
Removing temp directory.
Removing global temp directory.

3.23. Executing OPT pass (performing simple optimizations).

3.23.1. Executing OPT_EXPR pass (perform const folding).
Optimizing module register.

3.23.2. Executing OPT_MERGE pass (detect identical cells).
Finding identical cells in module `\register'.
Removed a total of 0 cells.

3.23.3. Executing OPT_DFF pass (perform DFF optimizations).

3.23.4. Executing OPT_CLEAN pass (remove unused cells and wires).
Finding unused cells or wires in module \register..
Removed 0 unused cells and 3 unused wires.
<suppressed ~1 debug messages>

3.23.5. Finished fast OPT passes.

3.24. Executing HIERARCHY pass (managing design hierarchy).
Attribute `top' found on module `register'. Setting top module to register.

3.24.1. Analyzing design hierarchy..
Top module:  \register

3.24.2. Analyzing design hierarchy..
Top module:  \register
Removed 0 unused modules.

3.25. Printing statistics.

=== register ===

        +----------Local Count, excluding submodules.
        | 
        7 wires
       21 wire bits
        6 public wires
       20 public wire bits
        6 ports
       20 port bits
        9 cells
        1   $_ANDNOT_
        8   $_DFFSRE_PPPP_

3.26. Executing CHECK pass (checking for obvious problems).
Checking module register...
Found and reported 0 problems.

4. Executing OPT pass (performing simple optimizations).

4.1. Executing OPT_EXPR pass (perform const folding).
Optimizing module register.

4.2. Executing OPT_MERGE pass (detect identical cells).
Finding identical cells in module `\register'.
Removed a total of 0 cells.

4.3. Executing OPT_MUXTREE pass (detect dead branches in mux trees).
Running muxtree optimizer on module \register..
  Creating internal representation of mux trees.
  No muxes found in this module.
Removed 0 multiplexer ports.

4.4. Executing OPT_REDUCE pass (consolidate $*mux and $reduce_* inputs).
  Optimizing cells in module \register.
Performed a total of 0 changes.

4.5. Executing OPT_MERGE pass (detect identical cells).
Finding identical cells in module `\register'.
Removed a total of 0 cells.

4.6. Executing OPT_SHARE pass.

4.7. Executing OPT_DFF pass (perform DFF optimizations).

4.8. Executing OPT_CLEAN pass (remove unused cells and wires).
Finding unused cells or wires in module \register..

4.9. Executing OPT_EXPR pass (perform const folding).
Optimizing module register.

4.10. Finished fast OPT passes. (There is nothing left to do.)

5. Executing Verilog backend.

5.1. Executing BMUXMAP pass.

5.2. Executing DEMUXMAP pass.
Dumping module `\register'.

Warnings: 1 unique messages, 1 total
End of script. Logfile hash: c1a4ffa064, CPU: user 0.20s system 0.01s, MEM: 20.92 MB peak
Yosys 0.59+44 (git sha1 abc78f042, g++ 13.3.0-6ubuntu2~24.04 -fPIC -O3)
Time spent: 44% 1x abc (0 sec), 14% 18x opt_expr (0 sec), ...
